example data (may be need serialization to binary format):
key1=v1
key2=v2
key3=v4
key5=v5

...

